| lib/module.rb:2:3:3:5 | foo | mylib | M1 | foo | (x,y) | false | module.rb |  |
| lib/module.rb:5:3:6:5 | self_foo | mylib | M1! | self_foo | (x,y) | false | module.rb |  |
| lib/mylib.rb:4:3:5:5 | foo | mylib | A | foo | (x,y,key1:) | false | mylib.rb |  |
| lib/mylib.rb:7:3:8:5 | bar | mylib | A | bar | (x) | false | mylib.rb |  |
| lib/mylib.rb:10:3:11:5 | self_foo | mylib | A! | self_foo | (x,y) | false | mylib.rb |  |
| lib/mylib.rb:19:5:20:7 | foo | mylib | A::ANested | foo | (x,y) | false | mylib.rb |  |
| lib/other.rb:6:3:7:5 | foo | mylib | B | foo | (x,y) | false | other.rb |  |
| other_lib/lib/other_gem.rb:3:9:4:11 | foo | other-lib | OtherLib::A | foo | (x,y) | false | other_gem.rb |  |
